[    0.000000] Linux version 4.15.0-118-generic (buildd@lgw01-amd64-039) (gcc version 7.5.0 (Ubuntu 7.5.0-3ubuntu1~18.04)) #119-Ubuntu SMP Tue Sep 8 12:30:01 UTC 2020 (Ubuntu 4.15.0-118.119-generic 4.15.18)
[    0.000000] Command line: BOOT_IMAGE=/boot/vmlinuz-4.15.0-118-generic root=LABEL=cloudimg-rootfs ro console=tty1 console=ttyS0
[    0.000000] KERNEL supported cpus:
[    0.000000]   Intel GenuineIntel
[    0.000000]   AMD AuthenticAMD
[    0.000000]   Centaur CentaurHauls
[    0.000000] [Firmware Bug]: TSC doesn't count with P0 frequency!
[    0.000000] x86/fpu: Supporting XSAVE feature 0x001: 'x87 floating point registers'
[    0.000000] x86/fpu: Supporting XSAVE feature 0x002: 'SSE registers'
[    0.000000] x86/fpu: Supporting XSAVE feature 0x004: 'AVX registers'
[    0.000000] x86/fpu: xstate_offset[2]:  576, xstate_sizes[2]:  256
[    0.000000] x86/fpu: Enabled xstate features 0x7, context size is 832 bytes, using 'standard' format.
[    0.000000] e820: BIOS-provided physical RAM map:
[    0.000000] BIOS-e820: [mem 0x0000000000000000-0x000000000009fbff] usable
[    0.000000] BIOS-e820: [mem 0x000000000009fc00-0x000000000009ffff] reserved
[    0.000000] BIOS-e820: [mem 0x00000000000f0000-0x00000000000fffff] reserved
[    0.000000] BIOS-e820: [mem 0x0000000000100000-0x000000003ffeffff] usable
[    0.000000] BIOS-e820: [mem 0x000000003fff0000-0x000000003fffffff] ACPI data
[    0.000000] BIOS-e820: [mem 0x00000000fec00000-0x00000000fec00fff] reserved
[    0.000000] BIOS-e820: [mem 0x00000000fee00000-0x00000000fee00fff] reserved
[    0.000000] BIOS-e820: [mem 0x00000000fffc0000-0x00000000ffffffff] reserved
[    0.000000] NX (Execute Disable) protection: active
[    0.000000] SMBIOS 2.5 present.
[    0.000000] DMI: innotek GmbH VirtualBox/VirtualBox, BIOS VirtualBox 12/01/2006
[    0.000000] Hypervisor detected: KVM
[    0.000000] e820: last_pfn = 0x3fff0 max_arch_pfn = 0x400000000
[    0.000000] MTRR: Disabled
[    0.000000] x86/PAT: MTRRs disabled, skipping PAT initialization too.
[    0.000000] CPU MTRRs all blank - virtualized system.
[    0.000000] x86/PAT: Configuration [0-7]: WB  WT  UC- UC  WB  WT  UC- UC  
[    0.000000] found SMP MP-table at [mem 0x0009fff0-0x0009ffff]
[    0.000000] Scanning 1 areas for low memory corruption
[    0.000000] RAMDISK: [mem 0x35a67000-0x36d2afff]
[    0.000000] ACPI: Early table checksum verification disabled
[    0.000000] ACPI: RSDP 0x00000000000E0000 000024 (v02 VBOX  )
[    0.000000] ACPI: XSDT 0x000000003FFF0030 00003C (v01 VBOX   VBOXXSDT 00000001 ASL  00000061)
[    0.000000] ACPI: FACP 0x000000003FFF00F0 0000F4 (v04 VBOX   VBOXFACP 00000001 ASL  00000061)
[    0.000000] ACPI: DSDT 0x000000003FFF0470 002325 (v02 VBOX   VBOXBIOS 00000002 INTL 20100528)
[    0.000000] ACPI: FACS 0x000000003FFF0200 000040
[    0.000000] ACPI: FACS 0x000000003FFF0200 000040
[    0.000000] ACPI: APIC 0x000000003FFF0240 00005C (v02 VBOX   VBOXAPIC 00000001 ASL  00000061)
[    0.000000] ACPI: SSDT 0x000000003FFF02A0 0001CC (v01 VBOX   VBOXCPUT 00000002 INTL 20100528)
[    0.000000] No NUMA configuration found
[    0.000000] Faking a node at [mem 0x0000000000000000-0x000000003ffeffff]
[    0.000000] NODE_DATA(0) allocated [mem 0x3ffc5000-0x3ffeffff]
[    0.000000] kvm-clock: cpu 0, msr 0:3ff44001, primary cpu clock
[    0.000000] kvm-clock: Using msrs 4b564d01 and 4b564d00
[    0.000000] kvm-clock: using sched offset of 9351366245 cycles
[    0.000000] clocksource: kvm-clock: mask: 0xffffffffffffffff max_cycles: 0x1cd42e4dffb, max_idle_ns: 881590591483 ns
[    0.000000] Zone ranges:
[    0.000000]   DMA      [mem 0x0000000000001000-0x0000000000ffffff]
[    0.000000]   DMA32    [mem 0x0000000001000000-0x000000003ffeffff]
[    0.000000]   Normal   empty
[    0.000000]   Device   empty
[    0.000000] Movable zone start for each node
[    0.000000] Early memory node ranges
[    0.000000]   node   0: [mem 0x0000000000001000-0x000000000009efff]
[    0.000000]   node   0: [mem 0x0000000000100000-0x000000003ffeffff]
[    0.000000] Reserved but unavailable: 98 pages
[    0.000000] Initmem setup node 0 [mem 0x0000000000001000-0x000000003ffeffff]
[    0.000000] ACPI: PM-Timer IO Port: 0x4008
[    0.000000] IOAPIC[0]: apic_id 2, version 32, address 0xfec00000, GSI 0-23
[    0.000000] ACPI: INT_SRC_OVR (bus 0 bus_irq 0 global_irq 2 dfl dfl)
[    0.000000] ACPI: INT_SRC_OVR (bus 0 bus_irq 9 global_irq 9 low level)
[    0.000000] Using ACPI (MADT) for SMP configuration information
[    0.000000] smpboot: Allowing 2 CPUs, 0 hotplug CPUs
[    0.000000] PM: Registered nosave memory: [mem 0x00000000-0x00000fff]
[    0.000000] PM: Registered nosave memory: [mem 0x0009f000-0x0009ffff]
[    0.000000] PM: Registered nosave memory: [mem 0x000a0000-0x000effff]
[    0.000000] PM: Registered nosave memory: [mem 0x000f0000-0x000fffff]
[    0.000000] e820: [mem 0x40000000-0xfebfffff] available for PCI devices
[    0.000000] Booting paravirtualized kernel on KVM
[    0.000000] clocksource: refined-jiffies: mask: 0xffffffff max_cycles: 0xffffffff, max_idle_ns: 7645519600211568 ns
[    0.000000] random: get_random_bytes called from start_kernel+0x99/0x500 with crng_init=0
[    0.000000] setup_percpu: NR_CPUS:8192 nr_cpumask_bits:2 nr_cpu_ids:2 nr_node_ids:1
[    0.000000] percpu: Embedded 45 pages/cpu s147456 r8192 d28672 u1048576
[    0.000000] PV qspinlock hash table entries: 256 (order: 0, 4096 bytes)
[    0.000000] Built 1 zonelists, mobility grouping on.  Total pages: 257913
[    0.000000] Policy zone: DMA32
[    0.000000] Kernel command line: BOOT_IMAGE=/boot/vmlinuz-4.15.0-118-generic root=LABEL=cloudimg-rootfs ro console=tty1 console=ttyS0
[    0.000000] Memory: 983032K/1048120K available (12300K kernel code, 2482K rwdata, 4272K rodata, 2436K init, 2724K bss, 65088K reserved, 0K cma-reserved)
[    0.000000] SLUB: HWalign=64, Order=0-3, MinObjects=0, CPUs=2, Nodes=1
[    0.000000] ftrace: allocating 39396 entries in 154 pages
[    0.004000] Hierarchical RCU implementation.
[    0.004000] 	RCU restricting CPUs from NR_CPUS=8192 to nr_cpu_ids=2.
[    0.004000] 	Tasks RCU enabled.
[    0.004000] RCU: Adjusting geometry for rcu_fanout_leaf=16, nr_cpu_ids=2
[    0.004000] NR_IRQS: 524544, nr_irqs: 440, preallocated irqs: 16
[    0.004000] Console: colour VGA+ 80x25
[    0.004000] console [tty1] enabled
[    0.004000] console [ttyS0] enabled
[    0.004000] ACPI: Core revision 20170831
[    0.004000] ACPI: 2 ACPI AML tables successfully acquired and loaded
[    0.004000] APIC: Switch to symmetric I/O mode setup
[    0.004000] x2apic enabled
[    0.004000] Switched APIC routing to physical x2apic.
[    0.004000] ..TIMER: vector=0x30 apic1=0 pin1=2 apic2=-1 pin2=-1
[    0.004000] tsc: Detected 1497.192 MHz processor
[    0.004000] Calibrating delay loop (skipped) preset value.. 2994.38 BogoMIPS (lpj=5988768)
[    0.004000] pid_max: default: 32768 minimum: 301
[    0.004000] Security Framework initialized
[    0.004000] Yama: becoming mindful.
[    0.004000] AppArmor: AppArmor initialized
[    0.004000] Dentry cache hash table entries: 131072 (order: 8, 1048576 bytes)
[    0.008188] Inode-cache hash table entries: 65536 (order: 7, 524288 bytes)
[    0.012056] Mount-cache hash table entries: 2048 (order: 2, 16384 bytes)
[    0.020027] Mountpoint-cache hash table entries: 2048 (order: 2, 16384 bytes)
[    0.024736] BIOS may not properly restore RDRAND after suspend, but hypervisor does not support hiding RDRAND via CPUID.
[    0.032079] Last level iTLB entries: 4KB 512, 2MB 8, 4MB 4
[    0.036009] Last level dTLB entries: 4KB 512, 2MB 256, 4MB 128, 1GB 0
[    0.040020] Spectre V1 : Mitigation: usercopy/swapgs barriers and __user pointer sanitization
[    0.044011] Spectre V2 : Spectre mitigation: LFENCE not serializing, switching to generic retpoline
[    0.048019] Spectre V2 : Mitigation: Full generic retpoline
[    0.052008] Spectre V2 : Spectre v2 / SpectreRSB mitigation: Filling RSB on context switch
[    0.056051] Speculative Store Bypass: Mitigation: Speculative Store Bypass disabled via prctl and seccomp
[    0.060566] Freeing SMP alternatives memory: 36K
[    0.184016] APIC calibration not consistent with PM-Timer: 94ms instead of 100ms
[    0.188000] APIC delta adjusted to PM-Timer: 6350483 (5990003)
[    0.188252] smpboot: CPU0: AMD E2-6110 APU with AMD Radeon R2 Graphics (family: 0x16, model: 0x30, stepping: 0x1)
[    0.192000] Performance Events: PMU not available due to virtualization, using software events only.
[    0.192000] Hierarchical SRCU implementation.
[    0.192000] NMI watchdog: Perf event create on CPU 0 failed with -2
[    0.192000] NMI watchdog: Perf NMI watchdog permanently disabled
[    0.192000] smp: Bringing up secondary CPUs ...
[    0.192000] x86: Booting SMP configuration:
[    0.192000] .... node  #0, CPUs:      #1
[    0.004000] kvm-clock: cpu 1, msr 0:3ff44041, secondary cpu clock
[    0.204103] smp: Brought up 1 node, 2 CPUs
[    0.206397] smpboot: Max logical packages: 1
[    0.208023] smpboot: Total of 2 processors activated (5988.76 BogoMIPS)
[    0.212456] devtmpfs: initialized
[    0.214115] x86/mm: Memory block size: 128MB
[    0.216537] evm: security.selinux
[    0.218483] evm: security.SMACK64
[    0.220016] evm: security.SMACK64EXEC
[    0.222120] evm: security.SMACK64TRANSMUTE
[    0.224007] evm: security.SMACK64MMAP
[    0.226162] evm: security.apparmor
[    0.228009] evm: security.ima
[    0.229749] evm: security.capability
[    0.232330] clocksource: jiffies: mask: 0xffffffff max_cycles: 0xffffffff, max_idle_ns: 7645041785100000 ns
[    0.236047] futex hash table entries: 512 (order: 3, 32768 bytes)
[    0.244146] pinctrl core: initialized pinctrl subsystem
[    0.248389] RTC time:  4:21:06, date: 10/12/20
[    0.252340] NET: Registered protocol family 16
[    0.256016] audit: initializing netlink subsys (disabled)
[    0.258980] audit: type=2000 audit(1602476476.576:1): state=initialized audit_enabled=0 res=1
[    0.264018] cpuidle: using governor ladder
[    0.266665] cpuidle: using governor menu
[    0.268716] ACPI: bus type PCI registered
[    0.272013] acpiphp: ACPI Hot Plug PCI Controller Driver version: 0.5
[    0.280014] PCI: Using configuration type 1 for base access
[    0.283440] PCI: Using configuration type 1 for extended access
[    0.292171] HugeTLB registered 2.00 MiB page size, pre-allocated 0 pages
[    0.296362] ACPI: Added _OSI(Module Device)
[    0.300039] ACPI: Added _OSI(Processor Device)
[    0.304010] ACPI: Added _OSI(3.0 _SCP Extensions)
[    0.308010] ACPI: Added _OSI(Processor Aggregator Device)
[    0.312012] ACPI: Added _OSI(Linux-Dell-Video)
[    0.316011] ACPI: Added _OSI(Linux-Lenovo-NV-HDMI-Audio)
[    0.319300] ACPI: Added _OSI(Linux-HPI-Hybrid-Graphics)
[    0.324925] ACPI: Executed 1 blocks of module-level executable AML code
[    0.341909] ACPI: Interpreter enabled
[    0.344052] ACPI: (supports S0 S5)
[    0.346051] ACPI: Using IOAPIC for interrupt routing
[    0.349119] PCI: Using host bridge windows from ACPI; if necessary, use "pci=nocrs" and report a bug
[    0.356600] ACPI: Enabled 2 GPEs in block 00 to 07
[    0.386234] ACPI: PCI Root Bridge [PCI0] (domain 0000 [bus 00-ff])
[    0.388028] acpi PNP0A03:00: _OSC: OS supports [ExtendedConfig ASPM ClockPM Segments MSI]
[    0.400000] acpi PNP0A03:00: _OSC: platform does not support [PCIeCapability]
[    0.405098] acpi PNP0A03:00: _OSC: not requesting control; platform does not support [PCIeCapability]
[    0.408034] acpi PNP0A03:00: _OSC: OS requested [PCIeHotplug PME AER PCIeCapability]
[    0.416030] acpi PNP0A03:00: _OSC: platform willing to grant [PCIeHotplug PME AER]
[    0.420012] acpi PNP0A03:00: _OSC failed (AE_SUPPORT); disabling ASPM
[    0.429421] PCI host bridge to bus 0000:00
[    0.431787] pci_bus 0000:00: root bus resource [io  0x0000-0x0cf7 window]
[    0.432018] pci_bus 0000:00: root bus resource [io  0x0d00-0xffff window]
[    0.440025] pci_bus 0000:00: root bus resource [mem 0x000a0000-0x000bffff window]
[    0.440025] pci_bus 0000:00: root bus resource [mem 0x40000000-0xfdffffff window]
[    0.444015] pci_bus 0000:00: root bus resource [bus 00-ff]
[    0.460583] pci 0000:00:01.1: legacy IDE quirk: reg 0x10: [io  0x01f0-0x01f7]
[    0.464016] pci 0000:00:01.1: legacy IDE quirk: reg 0x14: [io  0x03f6]
[    0.468011] pci 0000:00:01.1: legacy IDE quirk: reg 0x18: [io  0x0170-0x0177]
[    0.472020] pci 0000:00:01.1: legacy IDE quirk: reg 0x1c: [io  0x0376]
[    0.548832] pci 0000:00:07.0: quirk: [io  0x4000-0x403f] claimed by PIIX4 ACPI
[    0.552100] pci 0000:00:07.0: quirk: [io  0x4100-0x410f] claimed by PIIX4 SMB
[    0.584180] ACPI: PCI Interrupt Link [LNKA] (IRQs 5 9 10 *11)
[    0.588480] ACPI: PCI Interrupt Link [LNKB] (IRQs 5 9 *10 11)
[    0.592349] ACPI: PCI Interrupt Link [LNKC] (IRQs 5 *9 10 11)
[    0.596297] ACPI: PCI Interrupt Link [LNKD] (IRQs 5 9 10 *11)
[    0.601571] SCSI subsystem initialized
[    0.604257] pci 0000:00:02.0: vgaarb: setting as boot VGA device
[    0.607978] pci 0000:00:02.0: vgaarb: VGA device added: decodes=io+mem,owns=io+mem,locks=none
[    0.612036] pci 0000:00:02.0: vgaarb: bridge control possible
[    0.620010] vgaarb: loaded
[    0.620161] ACPI: bus type USB registered
[    0.624197] usbcore: registered new interface driver usbfs
[    0.628052] usbcore: registered new interface driver hub
[    0.632103] usbcore: registered new device driver usb
[    0.636099] EDAC MC: Ver: 3.0.0
[    0.640224] PCI: Using ACPI for IRQ routing
[    0.644291] NetLabel: Initializing
[    0.646493] NetLabel:  domain hash size = 128
[    0.648009] NetLabel:  protocols = UNLABELED CIPSOv4 CALIPSO
[    0.651117] NetLabel:  unlabeled traffic allowed by default
[    0.656254] clocksource: Switched to clocksource kvm-clock
[    0.722583] VFS: Disk quotas dquot_6.6.0
[    0.725723] VFS: Dquot-cache hash table entries: 512 (order 0, 4096 bytes)
[    0.730660] AppArmor: AppArmor Filesystem Enabled
[    0.734109] pnp: PnP ACPI init
[    0.741651] pnp: PnP ACPI: found 3 devices
[    0.767642] clocksource: acpi_pm: mask: 0xffffff max_cycles: 0xffffff, max_idle_ns: 2085701024 ns
[    0.773831] NET: Registered protocol family 2
[    0.777326] TCP established hash table entries: 8192 (order: 4, 65536 bytes)
[    0.782212] TCP bind hash table entries: 8192 (order: 5, 131072 bytes)
[    0.793848] TCP: Hash tables configured (established 8192 bind 8192)
[    0.798355] UDP hash table entries: 512 (order: 2, 16384 bytes)
[    0.802579] UDP-Lite hash table entries: 512 (order: 2, 16384 bytes)
[    0.807023] NET: Registered protocol family 1
[    0.809977] pci 0000:00:00.0: Limiting direct PCI/PCI transfers
[    0.813783] pci 0000:00:01.0: Activating ISA DMA hang workarounds
[    0.817875] pci 0000:00:02.0: Video device with shadowed ROM at [mem 0x000c0000-0x000dffff]
[    0.823705] Unpacking initramfs...
[    1.743643] Freeing initrd memory: 19216K
[    1.746386] clocksource: tsc: mask: 0xffffffffffffffff max_cycles: 0x1594c60bad9, max_idle_ns: 440795256279 ns
[    1.752250] platform rtc_cmos: registered platform RTC device (no PNP device found)
[    1.756070] Scanning for low memory corruption every 60 seconds
[    1.761874] Initialise system trusted keyrings
[    1.764913] Key type blacklist registered
[    1.767895] workingset: timestamp_bits=36 max_order=18 bucket_order=0
[    1.775602] zbud: loaded
[    1.779122] squashfs: version 4.0 (2009/01/31) Phillip Lougher
[    1.783650] fuse init (API version 7.26)
[    1.799857] Key type asymmetric registered
[    1.802591] Asymmetric key parser 'x509' registered
[    1.805800] Block layer SCSI generic (bsg) driver version 0.4 loaded (major 246)
[    1.810799] io scheduler noop registered
[    1.813507] io scheduler deadline registered
[    1.816423] io scheduler cfq registered (default)
[    1.820341] ACPI: AC Adapter [AC] (off-line)
[    1.823334] input: Power Button as /devices/LNXSYSTM:00/LNXPWRBN:00/input/input0
[    1.828438] ACPI: Power Button [PWRF]
[    1.831081] input: Sleep Button as /devices/LNXSYSTM:00/LNXSLPBN:00/input/input1
[    1.835858] ACPI: Sleep Button [SLPF]
[    1.843703] ACPI: Battery Slot [BAT0] (battery present)
[    1.847782] Serial: 8250/16550 driver, 32 ports, IRQ sharing enabled
[    1.874464] 00:02: ttyS0 at I/O 0x3f8 (irq = 4, base_baud = 115200) is a 16550A
[    1.889138] Linux agpgart interface v0.103
[    1.896937] loop: module loaded
[    1.900943] scsi host0: ata_piix
[    1.903801] scsi host1: ata_piix
[    1.906249] ata1: PATA max UDMA/33 cmd 0x1f0 ctl 0x3f6 bmdma 0xd000 irq 14
[    1.910471] ata2: PATA max UDMA/33 cmd 0x170 ctl 0x376 bmdma 0xd008 irq 15
[    1.915746] libphy: Fixed MDIO Bus: probed
[    1.918669] tun: Universal TUN/TAP device driver, 1.6
[    1.922352] PPP generic driver version 2.4.2
[    1.925816] ehci_hcd: USB 2.0 'Enhanced' Host Controller (EHCI) Driver
[    1.929874] ehci-pci: EHCI PCI platform driver
[    1.932721] ehci-platform: EHCI generic platform driver
[    1.936310] ohci_hcd: USB 1.1 'Open' Host Controller (OHCI) Driver
[    1.940065] ohci-pci: OHCI PCI platform driver
[    1.943025] ohci-platform: OHCI generic platform driver
[    1.946439] uhci_hcd: USB Universal Host Controller Interface driver
[    1.950783] i8042: PNP: PS/2 Controller [PNP0303:PS2K,PNP0f03:PS2M] at 0x60,0x64 irq 1,12
[    1.957566] serio: i8042 KBD port at 0x60,0x64 irq 1
[    1.960860] serio: i8042 AUX port at 0x60,0x64 irq 12
[    1.964483] mousedev: PS/2 mouse device common for all mice
[    1.969136] input: AT Translated Set 2 keyboard as /devices/platform/i8042/serio0/input/input2
[    1.973255] rtc_cmos rtc_cmos: rtc core: registered rtc_cmos as rtc0
[    1.978288] rtc_cmos rtc_cmos: alarms up to one day, 114 bytes nvram
[    1.981998] i2c /dev entries driver
[    1.984359] device-mapper: uevent: version 1.0.3
[    1.989408] device-mapper: ioctl: 4.37.0-ioctl (2017-09-20) initialised: dm-devel@redhat.com
[    1.994519] ledtrig-cpu: registered to indicate activity on CPUs
[    1.999672] x86/pm: family 0x16 cpu detected, MSR saving is needed during suspending.
[    2.005150] NET: Registered protocol family 10
[    2.023726] Segment Routing with IPv6
[    2.026755] NET: Registered protocol family 17
[    2.030185] Key type dns_resolver registered
[    2.033904] mce: Using 0 MCE banks
[    2.036394] RAS: Correctable Errors collector initialized.
[    2.039813] sched_clock: Marking stable (2036290667, 0)->(2581012805, -544722138)
[    2.046614] registered taskstats version 1
[    2.049629] Loading compiled-in X.509 certificates
[    2.062313] Loaded X.509 cert 'Build time autogenerated kernel key: 12f2d460e247d21dc5d156478bb7d4abc0f5a070'
[    2.068993] zswap: loaded using pool lzo/zbud
[    2.115586] Key type big_key registered
[    2.118100] Key type trusted registered
[    2.127473] Key type encrypted registered
[    2.129994] AppArmor: AppArmor sha1 policy hashing enabled
[    2.133292] ima: No TPM chip found, activating TPM-bypass! (rc=-19)
[    2.136794] ima: Allocated hash algorithm: sha1
[    2.139469] evm: HMAC attrs: 0x1
[    2.142195]   Magic number: 8:171:363
[    2.144958] rtc_cmos rtc_cmos: setting system clock to 2020-10-12 04:21:08 UTC (1602476468)
[    2.150059] BIOS EDD facility v0.16 2004-Jun-25, 0 devices found
[    2.153363] EDD information not available.
[    2.165231] Freeing unused kernel image memory: 2436K
[    2.194604] Write protecting the kernel read-only data: 20480k
[    2.200678] Freeing unused kernel image memory: 2008K
[    2.205074] Freeing unused kernel image memory: 1872K
[    2.232321] x86/mm: Checked W+X mappings: passed, no W+X pages found.
Loading, please wait...
starting version 237
[    2.469423] Fusion MPT base driver 3.04.20
[    2.472104] Copyright (c) 1999-2008 LSI Corporation
[    2.476625] e1000: Intel(R) PRO/1000 Network Driver - version 7.3.21-k8-NAPI
[    2.481698] e1000: Copyright (c) 1999-2006 Intel Corporation.
[    2.562060] Fusion MPT SPI Host driver 3.04.20
[    2.582342] AVX version of gcm_enc/dec engaged.
[    2.585075] AES CTR mode by8 optimization enabled
[    2.715608] input: ImExPS/2 Generic Explorer Mouse as /devices/platform/i8042/serio1/input/input4
[    3.154658] e1000 0000:00:03.0 eth0: (PCI:33MHz:32-bit) 02:9d:c8:d0:97:b6
[    3.158539] e1000 0000:00:03.0 eth0: Intel(R) PRO/1000 Network Connection
[    3.165871] mptbase: ioc0: Initiating bringup
[    3.171158] e1000 0000:00:03.0 enp0s3: renamed from eth0
[    3.649220] ioc0: LSI53C1030 A0: Capabilities={Initiator}
[    4.394502] scsi host2: ioc0: LSI53C1030 A0, FwRev=00000000h, Ports=1, MaxQ=256, IRQ=20
[    4.570278] scsi 2:0:0:0: Direct-Access     VBOX     HARDDISK         1.0  PQ: 0 ANSI: 5
[    4.604243] scsi target2:0:0: Beginning Domain Validation
[    4.611176] scsi target2:0:0: Domain Validation skipping write tests
[    4.615474] scsi target2:0:0: Ending Domain Validation
[    4.619416] scsi target2:0:0: asynchronous
[    4.623689] scsi 2:0:1:0: Direct-Access     VBOX     HARDDISK         1.0  PQ: 0 ANSI: 5
[    4.724362] scsi target2:0:1: Beginning Domain Validation
[    4.728748] random: fast init done
[    4.734194] scsi target2:0:1: Domain Validation skipping write tests
[    4.738624] scsi target2:0:1: Ending Domain Validation
[    4.742277] scsi target2:0:1: asynchronous
[    4.760129] sd 2:0:0:0: Attached scsi generic sg0 type 0
[    4.760601] random: systemd-udevd: uninitialized urandom read (16 bytes read)
[    4.768692] sd 2:0:1:0: Attached scsi generic sg1 type 0
[    4.777542] random: systemd-udevd: uninitialized urandom read (16 bytes read)
[    4.792058] random: systemd-udevd: uninitialized urandom read (16 bytes read)
[    4.792510] sd 2:0:0:0: [sda] 20971520 512-byte logical blocks: (10.7 GB/10.0 GiB)
[    4.815738] sd 2:0:1:0: [sdb] 20480 512-byte logical blocks: (10.5 MB/10.0 MiB)
[    4.815741] sd 2:0:0:0: [sda] Write Protect is off
[    4.829715] sd 2:0:1:0: [sdb] Write Protect is off
[    4.832897] sd 2:0:0:0: [sda] Incomplete mode parameter data
[    4.848484] sd 2:0:0:0: [sda] Assuming drive cache: write through
[    4.858013] sd 2:0:1:0: [sdb] Incomplete mode parameter data
[    4.862332] sd 2:0:1:0: [sdb] Assuming drive cache: write through
[    4.873317]  sda: sda1
[    4.885991] sd 2:0:0:0: [sda] Attached SCSI disk
[    4.909058] sd 2:0:1:0: [sdb] Attached SCSI disk
Begin: Loading essential drivers ... [    7.596530] raid6: sse2x1   gen()   630 MB/s
[    7.644120] raid6: sse2x1   xor()  1341 MB/s
[    7.692985] raid6: sse2x2   gen()  1093 MB/s
[    7.740052] raid6: sse2x2   xor()  1841 MB/s
[    7.788762] raid6: sse2x4   gen()  1532 MB/s
[    7.836465] raid6: sse2x4   xor()  1580 MB/s
[    7.839108] raid6: using algorithm sse2x4 gen() 1532 MB/s
[    7.842201] raid6: .... xor() 1580 MB/s, rmw enabled
[    7.845400] raid6: using ssse3x2 recovery algorithm
[    7.852120] xor: automatically using best checksumming function   avx       
[    7.860383] async_tx: api initialized (async)
done.
Begin: Running /scripts/init-premount ... done.
Begin: Mounting root file system ... Begin: Running /scripts/local-top ... done.
Begin: Running /scripts/local-premount ... [    8.024616] Btrfs loaded, crc32c=crc32c-intel
Scanning for Btrfs filesystems
done.
Warning: fsck not present, so skipping root file system
[    8.305221] EXT4-fs (sda1): mounted filesystem with ordered data mode. Opts: (null)
done.
Begin: Running /scripts/local-bottom ... done.
Begin: Running /scripts/init-bottom ... done.
[   10.172858] ip_tables: (C) 2000-2006 Netfilter Core Team
[   10.315585] systemd[1]: systemd 237 running in system mode. (+PAM +AUDIT +SELINUX +IMA +APPARMOR +SMACK +SYSVINIT +UTMP +LIBCRYPTSETUP +GCRYPT +GNUTLS +ACL +XZ +LZ4 +SECCOMP +BLKID +ELFUTILS +KMOD -IDN2 +IDN -PCRE2 default-hierarchy=hybrid)
[   10.328252] systemd[1]: Detected virtualization oracle.
[   10.331645] systemd[1]: Detected architecture x86-64.
[   10.388318] random: crng init done
[   10.390700] random: 7 urandom warning(s) missed due to ratelimiting

Welcome to [1mUbuntu 18.04.5 LTS[0m!

[   10.409644] systemd[1]: Set hostname to <ubuntu>.
[   10.466649] systemd[1]: Initializing machine ID from random generator.
[   10.470989] systemd[1]: Installed transient /etc/machine-id file.
[   13.392702] systemd[1]: Created slice System Slice.
[[0;32m  OK  [0m] Created slice System Slice.
[   13.399734] systemd[1]: Listening on udev Control Socket.
[[0;32m  OK  [0m] Listening on udev Control Socket.
[   13.407344] systemd[1]: Listening on Journal Socket (/dev/log).
[[0;32m  OK  [0m] Listening on Journal Socket (/dev/log).
[   13.415114] systemd[1]: Listening on LVM2 poll daemon socket.
[[0;32m  OK  [0m] Listening on LVM2 poll daemon socket.
[[0;32m  OK  [0m] Listening on Device-mapper event daemon FIFOs.
[[0;32m  OK  [0m] Set up automount Arbitrary Executabâ€¦rmats File System Automount Point.
[[0;32m  OK  [0m] Listening on Network Service Netlink Socket.
[[0;32m  OK  [0m] Reached target Swap.
[[0;32m  OK  [0m] Listening on /dev/initctl Compatibility Named Pipe.
[[0;32m  OK  [0m] Created slice system-serial\x2dgetty.slice.
[[0;32m  OK  [0m] Listening on Journal Socket.
         Starting Uncomplicated firewall...
         Starting Create list of required stâ€¦ce nodes for the current kernel...
         Starting Load Kernel Modules...
         Mounting Huge Pages File System...
         Mounting POSIX Message Queue File System...
         Starting Set the console keyboard layout...
[[0;32m  OK  [0m] Listening on LVM2 metadata daemon socket.
         Starting Monitoring of LVM2 mirrorsâ€¦ng dmeventd or progress polling...
[[0;32m  OK  [0m] Created slice User and Session Slice.
[[0;32m  OK  [0m] Reached target Slices.
[[0;32m  OK  [0m] Reached target System Time Synchronized.
[[0;32m  OK  [0m] Started Forward Password Requests to Wall Directory Watch.
         Mounting Kernel Debug File System...
[[0;32m  OK  [0m] Listening on Journal Audit Socket.
[[0;32m  OK  [0m] Listening on udev Kernel Socket.
         Starting udev Coldplug all Devices...
         Starting Remount Root and Kernel File Systems...
[[0;32m  OK  [0m] Reached target User and Group Name Lookups.
[   14.191749] Loading iSCSI transport class v2.0-870.
[[0;32m  OK  [0m] Listening on Syslog Socket.
         Starting Journal Service...
[[0;32m  OK  [0m] Started Uncomplicated firewall.
[[0;32m  OK  [0m] Started Create list of required staâ€¦vice nodes for the current kernel.
[[0;32m  OK  [0m] Mounted Huge Pages File System.
[[0;32m  OK  [0m] Mounted POSIX Message Queue File System.
[[0;32m  OK  [0m] Mounted Kernel Debug File System.
         Starting Create Static Device Nodes in /dev...
[   14.476852] iscsi: registered transport (tcp)
[[0;32m  OK  [0m] Started udev Coldplug all Devices.
[   14.688278] EXT4-fs (sda1): re-mounted. Opts: (null)
[[0;32m  OK  [0m] Started Remount Root and Kernel File Systems.
         Starting Load/Save Random Seed...
[   15.268813] systemd[1]: Started LVM2 metadata daemon.
[[0;32m  OK  [0m] Started LVM2 metadata daemon.
[   15.378606] systemd[1]: Started Journal Service.
[[0;32m  OK  [0m] Started Journal Service.
         Starting Flush Journal to Persistent Storage...
[[0;32m  OK  [0m] Started Load/Save Random Seed.
[   15.599021] systemd-journald[405]: Received request to flush runtime journal from PID 1
[[0;32m  OK  [0m] Started Set the console keyboard layout.
[[0;32m  OK  [0m] Started Create Static Device Nodes in /dev.
         Starting udev Kernel Device Manager...
[   15.773795] iscsi: registered transport (iser)
[[0;32m  OK  [0m] Started Load Kernel Modules.
         Starting Apply Kernel Variables...
         Mounting Kernel Configuration File System...
         Mounting FUSE Control File System...
[[0;32m  OK  [0m] Mounted Kernel Configuration File System.
[[0;32m  OK  [0m] Mounted FUSE Control File System.
[[0;32m  OK  [0m] Started Monitoring of LVM2 mirrors,â€¦sing dmeventd or progress polling.
[[0;32m  OK  [0m] Reached target Local File Systems (Pre).
[[0;32m  OK  [0m] Reached target Local File Systems.
         Starting ebtables ruleset management...
         Starting Tell Plymouth To Write Out Runtime Data...
         Starting AppArmor initialization...
         Starting Set console font and keymap...
         Starting Commit a transient machine-id on disk...
[[0;32m  OK  [0m] Started Tell Plymouth To Write Out Runtime Data.
[[0;32m  OK  [0m] Started Flush Journal to Persistent Storage.
         Starting Create Volatile Files and Directories...
[[0;32m  OK  [0m] Started Set console font and keymap.
[[0;32m  OK  [0m] Started Create Volatile Files and Directories.
         Starting Update UTMP about System Boot/Shutdown...
[[0;32m  OK  [0m] Started Update UTMP about System Boot/Shutdown.
[[0;32m  OK  [0m] Started Commit a transient machine-id on disk.
[[0;32m  OK  [0m] Started Apply Kernel Variables.
[[0;32m  OK  [0m] Started udev Kernel Device Manager.
[[0;32m  OK  [0m] Started Dispatch Password Requests to Console Directory Watch.
[[0;32m  OK  [0m] Reached target Local Encrypted Volumes.
[[0;32m  OK  [0m] Started ebtables ruleset management.
[[0;32m  OK  [0m] Found device /dev/ttyS0.
[[0;32m  OK  [0m] Listening on Load/Save RF Kill Switch Status /dev/rfkill Watch.
[[0;32m  OK  [0m] Started AppArmor initialization.
         Starting Load AppArmor profiles managed internally by snapd...
         Starting Initial cloud-init job (pre-networking)...
[[0;32m  OK  [0m] Started Load AppArmor profiles managed internally by snapd.
[   31.346642] cloud-init[560]: Cloud-init v. 20.3-2-g371b392c-0ubuntu1~18.04.1 running 'init-local' at Mon, 12 Oct 2020 04:21:35 +0000. Up 29.36 seconds.
[[0;32m  OK  [0m] Started Initial cloud-init job (pre-networking).
[[0;32m  OK  [0m] Reached target Network (Pre).
         Starting Network Service...
[[0;32m  OK  [0m] Started Network Service.
         Starting Wait for Network to be Configured...
         Starting Network Name Resolution...
[[0;32m  OK  [0m] Started Network Name Resolution.
[[0;32m  OK  [0m] Reached target Host and Network Name Lookups.
[[0;32m  OK  [0m] Reached target Network.
[[0;32m  OK  [0m] Started Wait for Network to be Configured.
         Starting Initial cloud-init job (metadata service crawler)...
[   36.193508] cloud-init[657]: Cloud-init v. 20.3-2-g371b392c-0ubuntu1~18.04.1 running 'init' at Mon, 12 Oct 2020 04:21:41 +0000. Up 35.46 seconds.
[   36.199036] cloud-init[657]: ci-info: ++++++++++++++++++++++++++++++++++++++Net device info++++++++++++++++++++++++++++++++++++++
[   36.204705] cloud-init[657]: ci-info: +--------+------+----------------------------+---------------+--------+-------------------+
[   36.210470] cloud-init[657]: ci-info: | Device |  Up  |          Address           |      Mask     | Scope  |     Hw-Address    |
[   36.215512] cloud-init[657]: ci-info: +--------+------+----------------------------+---------------+--------+-------------------+
[   36.220674] cloud-init[657]: ci-info: | enp0s3 | True |         10.0.2.15          | 255.255.255.0 | global | 02:9d:c8:d0:97:b6 |
[   36.225577] cloud-init[657]: ci-info: | enp0s3 | True | fe80::9d:c8ff:fed0:97b6/64 |       .       |  link  | 02:9d:c8:d0:97:b6 |
[   36.233718] cloud-init[657]: ci-info: |   lo   | True |         127.0.0.1          |   255.0.0.0   |  host  |         .         |
[   36.240305] cloud-init[657]: ci-info: |   lo   | True |          ::1/128           |       .       |  host  |         .         |
[   36.247280] cloud-init[657]: ci-info: +--------+------+----------------------------+---------------+--------+-------------------+
[   36.253672] cloud-init[657]: ci-info: ++++++++++++++++++++++++++++Route IPv4 info+++++++++++++++++++++++++++++
[   36.258801] cloud-init[657]: ci-info: +-------+-------------+----------+-----------------+-----------+-------+
[   36.263935] cloud-init[657]: ci-info: | Route | Destination | Gateway  |     Genmask     | Interface | Flags |
[   36.269635] cloud-init[657]: ci-info: +-------+-------------+----------+-----------------+-----------+-------+
[   36.274786] cloud-init[657]: ci-info: |   0   |   0.0.0.0   | 10.0.2.2 |     0.0.0.0     |   enp0s3  |   UG  |
[   36.280268] cloud-init[657]: ci-info: |   1   |   10.0.2.0  | 0.0.0.0  |  255.255.255.0  |   enp0s3  |   U   |
[   36.285666] cloud-init[657]: ci-info: |   2   |   10.0.2.2  | 0.0.0.0  | 255.255.255.255 |   enp0s3  |   UH  |
[   36.291181] cloud-init[657]: ci-info: +-------+-------------+----------+-----------------+-----------+-------+
[   36.297063] cloud-init[657]: ci-info: +++++++++++++++++++Route IPv6 info+++++++++++++++++++
[   36.301997] cloud-init[657]: ci-info: +-------+-------------+---------+-----------+-------+
[   36.306592] cloud-init[657]: ci-info: | Route | Destination | Gateway | Interface | Flags |
[   36.311870] cloud-init[657]: ci-info: +-------+-------------+---------+-----------+-------+
[   36.316905] cloud-init[657]: ci-info: |   1   |  fe80::/64  |    ::   |   enp0s3  |   U   |
[   36.321418] cloud-init[657]: ci-info: |   3   |    local    |    ::   |   enp0s3  |   U   |
[   36.326140] cloud-init[657]: ci-info: |   4   |   ff00::/8  |    ::   |   enp0s3  |   U   |
[   36.330476] cloud-init[657]: ci-info: +-------+-------------+---------+-----------+-------+
[   41.826649] cloud-init[657]: Generating public/private rsa key pair.
[   41.830768] cloud-init[657]: Your identification has been saved in /etc/ssh/ssh_host_rsa_key.
[   41.835858] cloud-init[657]: Your public key has been saved in /etc/ssh/ssh_host_rsa_key.pub.
[   41.841976] cloud-init[657]: The key fingerprint is:
[   41.845624] cloud-init[657]: SHA256:Gc9GxQaOPfplHZsqE/HOIR6W5Z/xxQMLcVLp7SmjgQA root@ubuntu-bionic
[   41.860865] cloud-init[657]: The key's randomart image is:
[   41.865067] cloud-init[657]: +---[RSA 2048]----+
[   41.868197] cloud-init[657]: |          .=oo.  |
[   41.871965] cloud-init[657]: |     E   + .*.   |
[   41.875455] cloud-init[657]: |      . o *oo.o  |
[   41.879709] cloud-init[657]: |       . B B.oo* |
[   41.882910] cloud-init[657]: |        S @ *.*.+|
[   41.886206] cloud-init[657]: |         * X * *o|
[   41.889921] cloud-init[657]: |          = * = .|
[   41.893790] cloud-init[657]: |           +     |
[   41.897577] cloud-init[657]: |                 |
[   41.900858] cloud-init[657]: +----[SHA256]-----+
[   41.903876] cloud-init[657]: Generating public/private dsa key pair.
[   41.909027] cloud-init[657]: Your identification has been saved in /etc/ssh/ssh_host_dsa_key.
[   41.914327] cloud-init[657]: Your public key has been saved in /etc/ssh/ssh_host_dsa_key.pub.
[   41.919141] cloud-init[657]: The key fingerprint is:
[   41.923974] cloud-init[657]: SHA256:Oc7ZhFOBXRMNKEAveL+WwVMQyo09CEH0gmlXMTh3/Xo root@ubuntu-bionic
[   41.929605] cloud-init[657]: The key's randomart image is:
[   41.933745] cloud-init[657]: +---[DSA 1024]----+
[   41.936960] cloud-init[657]: |   o=+*oo=.o=+   |
[   41.940820] cloud-init[657]: |   oo*.O+.+. ..  |
[   41.962193] cloud-init[657]: |  + +oO.=.o.     |
[   41.965278] cloud-init[657]: | . . o + *  .    |
[   41.969528] cloud-init[657]: |        S ..     |
[   41.972515] cloud-init[657]: |       o @. E    |
[   41.975872] cloud-init[657]: |        B ..     |
[   41.978983] cloud-init[657]: |       .         |
[   41.982224] cloud-init[657]: |                 |
[   41.985379] cloud-init[657]: +----[SHA256]-----+
[   41.988946] cloud-init[657]: Generating public/private ecdsa key pair.
[   41.993840] cloud-init[657]: Your identification has been saved in /etc/ssh/ssh_host_ecdsa_key.
[   41.998866] cloud-init[657]: Your public key has been saved in /etc/ssh/ssh_host_ecdsa_key.pub.
[   42.005411] cloud-init[657]: The key fingerprint is:
[   42.008945] cloud-init[657]: SHA256:OEOdz9z2DdQeEyZ5+ETIln3REbmPuoY+VL69LIPzaOk root@ubuntu-bionic
[   42.014964] cloud-init[657]: The key's randomart image is:
[   42.018807] cloud-init[657]: +---[ECDSA 256]---+
[   42.022236] cloud-init[657]: |            ..BB*|
[   42.041360] cloud-init[657]: |       . .   Bo*+|
[   42.044757] cloud-init[657]: |      . o   . =o+|
[   42.048299] cloud-init[657]: |     . . + ... +o|
[   42.052186] cloud-init[657]: |      + S +oo ..o|
[   42.055726] cloud-init[657]: |       o  .....o.|
[[0;32m  OK  [0m] Started Initial cloud-init job (metadata service crawler).
[   42.063559] cloud-init[657]: [|         . + +. .|[0;32m  OK  [0m
] Reached target Cloud-config availability.
[[0;32m  OK  [0m] Reached target System Initialization.
[   42.071387] cloud-init[657]: |          B.*..  |
[   42.085819] cloud-init[657]: |         +E=o+o. |
[   42.091492] cloud-init[657]: +----[SHA256]-----+
         Starting Socket activation for snappy daemon.
[   42.111135] cloud-init[657]: Generating public/private ed25519 key pair.
[[0;32m  OK  [0m[   42.117711] cloud-init[657]: Your identification has been saved in /etc/ssh/ssh_host_ed25519_key.
[   42.118828] cloud-init[657]: Your public key has been saved in /etc/ssh/ssh_host_ed25519_key.pub.
[   42.121362] cloud-init[657]: The key fingerprint is:
[   42.122357] cloud-init[657]: SHA256:hoArpwzICaIC7s/Y1pLRYmDYj+4ezmDeIUKsCsCqx2Q root@ubuntu-bionic
] Listening on UUID daemon activation socket.
[   42.123395] cloud-init[657]: The key's randomart image is:
[   42.137767] cloud-init[657]: +--[ED25519 256]--+
[[0;32m  OK  [0m] Started ACPI Events Check.
[[0;32m  OK  [0m] Reached target Paths.
[[0;32m  OK  [0m] Listening on Open-iSCSI iscsid Socket.
[[0;32m  OK  [0m] Started Discard unused blocks once a week.
[[0;32m  OK  [0m] Listening on D-Bus System Message Bus Socket.
[   42.153174] [[0;32m  OK  [0m] Listening on ACPID Listen Socket.
[[0;32m  OK  [0m] Started Message of the Day.
cloud-init[657]: |                 |
[[0;32m  OK  [0m[   42.160284] cloud-init[657]: |   .             |
[   42.161309] cloud-init[657]: |=.. .            |
[   42.163287] cloud-init[657]: |%oo. . .         |
[   42.166528] cloud-init[657]: |OB+o. . S        |
[   42.167854] cloud-init[657]: |X+E+.. .         |
[   42.170610] cloud-init[657]: |BXo.=            |
[   42.174212] cloud-init[657]: |B+@=..           |
] Started Daily apt download activities.
[   42.175303] cloud-init[657]: |o**=.            |
[   42.181863] cloud-init[657]: +----[SHA256]-----+
[[0;32m  OK  [0m] Started Daily apt upgrade and clean activities.
         Starting LXD - unix socket.
[[0;32m  OK  [0m] Started Daily Cleanup of Temporary Directories.
[[0;32m  OK  [0m] Reached target Timers.
[[0;32m  OK  [0m] Reached target Network is Online.
         Starting Availability of block devices...
[[0;32m  OK  [0m] Reached target Remote File Systems (Pre).
[[0;32m  OK  [0m] Reached target Remote File Systems.
[[0;32m  OK  [0m] Listening on Socket activation for snappy daemon.
[[0;32m  OK  [0m] Listening on LXD - unix socket.
[[0;32m  OK  [0m] Reached target Sockets.
[[0;32m  OK  [0m] Reached target Basic System.
         Starting LSB: automatic crash report generation...
         Starting Virtualbox guest utils...
         Starting LXD - container startup/shutdown...
         Starting LSB: Record successful boot for GRUB...
[[0;32m  OK  [0m] Started FUSE filesystem for LXC.
         Starting Dispatcher daemon for systemd-networkd...
[[0;32m  OK  [0m] Started Deferred execution scheduler.
         Starting Permit User Sessions...
[[0;32m  OK  [0m] Started Regular background program processing daemon.
         Starting Accounts Service...
[[0;32m  OK  [0m] Started irqbalance daemon.
         Starting System Logging Service...
         Starting Pollinate to seed the pseudo random number generator...
[[0;32m  OK  [0m] Started D-Bus System Message Bus.
         Starting Login Service...
         Starting Snap Daemon...
[[0;32m  OK  [0m] Started System Logging Service.
[[0;32m  OK  [0m] Started Availability of block devices.
[[0;32m  OK  [0m] Started Permit User Sessions.
         Starting Terminate Plymouth Boot Screen...
         Starting Hold until boot process finishes up...
[[0;32m  OK  [0m] Started Hold until boot process finishes up.
         Starting Set console scheme...
[[0;32m  OK  [0m] Started Serial Getty on ttyS0.
[[0;32m  OK  [0m] Started Terminate Plymouth Boot Screen.
[[0;32m  OK  [0m] Started Set console scheme.
[[0;32m  OK  [0m] Created slice system-getty.slice.
[[0;32m  OK  [0m] Started Getty on tty1.
[[0;32m  OK  [0m] Reached target Login Prompts.
[[0;32m  OK  [0m] Started LSB: automatic crash report generation.
[[0;32m  OK  [0m] Started Login Service.
[[0;32m  OK  [0m] Started Unattended Upgrades Shutdown.
         Starting Authorization Manager...
[[0;32m  OK  [0m] Started LSB: Record successful boot for GRUB.
[[0;32m  OK  [0m] Started Authorization Manager.
[[0;32m  OK  [0m] Started Accounts Service.
[[0;32m  OK  [0m] Started Virtualbox guest utils.
[[0;32m  OK  [0m] Started LXD - container startup/shutdown.
[[0;32m  OK  [0m] Started Dispatcher daemon for systemd-networkd.

Ubuntu 18.04.5 LTS ubuntu-bionic ttyS0

ubuntu-bionic login: [   64.141954] cloud-init[1257]: Cloud-init v. 20.3-2-g371b392c-0ubuntu1~18.04.1 running 'modules:config' at Mon, 12 Oct 2020 04:22:06 +0000. Up 59.80 seconds.
ci-info: no authorized SSH keys fingerprints found for user ubuntu.
<14>Oct 12 04:22:13 ec2: 
<14>Oct 12 04:22:13 ec2: #############################################################
<14>Oct 12 04:22:13 ec2: -----BEGIN SSH HOST KEY FINGERPRINTS-----
<14>Oct 12 04:22:13 ec2: 1024 SHA256:Oc7ZhFOBXRMNKEAveL+WwVMQyo09CEH0gmlXMTh3/Xo root@ubuntu-bionic (DSA)
<14>Oct 12 04:22:13 ec2: 256 SHA256:OEOdz9z2DdQeEyZ5+ETIln3REbmPuoY+VL69LIPzaOk root@ubuntu-bionic (ECDSA)
<14>Oct 12 04:22:13 ec2: 256 SHA256:hoArpwzICaIC7s/Y1pLRYmDYj+4ezmDeIUKsCsCqx2Q root@ubuntu-bionic (ED25519)
<14>Oct 12 04:22:13 ec2: 2048 SHA256:Gc9GxQaOPfplHZsqE/HOIR6W5Z/xxQMLcVLp7SmjgQA root@ubuntu-bionic (RSA)
<14>Oct 12 04:22:13 ec2: -----END SSH HOST KEY FINGERPRINTS-----
<14>Oct 12 04:22:13 ec2: #############################################################
-----BEGIN SSH HOST KEY KEYS-----
ecdsa-sha2-nistp256 AAAAE2VjZHNhLXNoYTItbmlzdHAyNTYAAAAIbmlzdHAyNTYAAABBBHfta574FDfSR3z8gVBBn1sl43zetHITy6rOnQQQNKSWavax3JPTiyikpAYVl6Jx95jGMEFzfjP02fuPG+S+cjY= root@ubuntu-bionic
ssh-ed25519 AAAAC3NzaC1lZDI1NTE5AAAAIH1lqFL2JiNWaZCUQISIA7pxgvMfVv8UctVT+lRr8hYN root@ubuntu-bionic
ssh-rsa AAAAB3NzaC1yc2EAAAADAQABAAABAQDUVi1gvXToirntp+Vm7Zk1A1SemxblfJFaYo+0Ne2dDvzS4XQjPnFcxQwjt1QvRg7JpM/9iQDxuv6oxmp3+g7uUkfocArxdyrX/3TQs02a/9URIXSglD1Mzsl6ETIU52JM2nbbtWB1Y7doxWyaP9iKfZ735fCf8l2N4Tc4TvC10eY8gSkqXgtUBtq5oj3a9isdBIJGuN5JsW7L0i6eLhfZFxN4qUWCur/S9Oyieh4f6F7Gaxct0GJv6cWMT3l2nbHcPqSTWbxgvyq9JiGgydPunO4wSPLhkqDT3ygiAPMkIBFlfWrJaGNL/KbOieXBioTQq58VlOw8GOa/sSZP5RZF root@ubuntu-bionic
-----END SSH HOST KEY KEYS-----
[   67.160307] cloud-init[1417]: Cloud-init v. 20.3-2-g371b392c-0ubuntu1~18.04.1 running 'modules:final' at Mon, 12 Oct 2020 04:22:12 +0000. Up 66.35 seconds.
[   67.161719] cloud-init[1417]: ci-info: no authorized SSH keys fingerprints found for user ubuntu.
[   67.167616] cloud-init[1417]: Cloud-init v. 20.3-2-g371b392c-0ubuntu1~18.04.1 finished at Mon, 12 Oct 2020 04:22:13 +0000. Datasource DataSourceNoCloud [seed=/dev/sdb][dsmode=net].  Up 67.11 seconds
